../Core/Inc/PID_Class.h:16:6:SimplePID_Init	16	static
../Core/Inc/PID_Class.h:32:6:SimplePID_SetParams	32	static
../Core/Inc/PID_Class.h:41:6:SimpleCPID_Evaluate	40	static
../Core/Inc/PID_Class.h:77:6:SimpleDPID_Evaluate	80	static
../Core/Src/main.c:206:5:main	208	static,ignoring_inline_asm
../Core/Src/main.c:457:6:SystemClock_Config	88	static
../Core/Src/main.c:504:13:MX_ADC1_Init	24	static
../Core/Src/main.c:574:13:MX_TIM1_Init	80	static
../Core/Src/main.c:647:13:MX_TIM3_Init	56	static
../Core/Src/main.c:696:13:MX_TIM4_Init	56	static
../Core/Src/main.c:745:13:MX_TIM5_Init	56	static
../Core/Src/main.c:794:13:MX_USART2_UART_Init	8	static
../Core/Src/main.c:827:13:MX_USART6_UART_Init	8	static
../Core/Src/main.c:858:13:MX_DMA_Init	16	static
../Core/Src/main.c:876:13:MX_GPIO_Init	48	static
../Core/Src/main.c:929:6:DKinematics	16	static
../Core/Src/main.c:952:6:CalculatePositionError	88	static
../Core/Src/main.c:992:6:IKinematics	48	static
../Core/Src/main.c:1021:7:kalmanFilter	40	static
../Core/Src/main.c:1036:6:HAL_UART_RxCpltCallback	344	static
../Core/Src/main.c:1122:6:Error_Handler	4	static,ignoring_inline_asm
